0 verbose cli /usr/local/bin/node /usr/local/bin/npm
1 info using npm@10.9.2
2 info using node@v22.17.0
3 silly config load:file:/usr/local/lib/node_modules/npm/npmrc
4 silly config load:file:/Users/sachingopalakrishnan/PasteBin/pasteflow/frontend/.npmrc
5 silly config load:file:/Users/sachingopalakrishnan/.npmrc
6 verbose config error loading user config Error: EPERM: operation not permitted, open '/Users/sachingopalakrishnan/.npmrc'
6 verbose config     at async open (node:internal/fs/promises:639:25)
6 verbose config     at async readFile (node:internal/fs/promises:1243:14)
6 verbose config     at async #loadFile (/usr/local/lib/node_modules/npm/node_modules/@npmcli/config/lib/index.js:589:5)
6 verbose config     at async Config.load (/usr/local/lib/node_modules/npm/node_modules/@npmcli/config/lib/index.js:250:5)
6 verbose config     at async #load (/usr/local/lib/node_modules/npm/lib/npm.js:98:5)
6 verbose config     at async Npm.load (/usr/local/lib/node_modules/npm/lib/npm.js:80:14)
6 verbose config     at async module.exports (/usr/local/lib/node_modules/npm/lib/cli/entry.js:42:37) {
6 verbose config   errno: -1,
6 verbose config   code: 'EPERM',
6 verbose config   syscall: 'open',
6 verbose config   path: '/Users/sachingopalakrishnan/.npmrc'
6 verbose config }
7 silly config load:file:/usr/local/etc/npmrc
8 verbose title npm install
9 verbose argv "install" "--cache" ".npm_cache"
10 verbose logfile logs-max:10 dir:/Users/sachingopalakrishnan/PasteBin/pasteflow/frontend/.npm_cache/_logs/2026-07-30T17_10_08_282Z-
11 verbose logfile /Users/sachingopalakrishnan/PasteBin/pasteflow/frontend/.npm_cache/_logs/2026-07-30T17_10_08_282Z-debug-0.log
12 silly logfile done cleaning log files
13 silly packumentCache heap:4345298944 maxSize:1086324736 maxEntrySize:543162368
14 http fetch GET https://registry.npmjs.org/npm attempt 1 failed with ENOTFOUND
15 silly idealTree buildDeps
16 silly fetch manifest @monaco-editor/react@^4.6.0
17 silly packumentCache full:https://registry.npmjs.org/@monaco-editor%2freact cache-miss
18 http fetch GET https://registry.npmjs.org/@monaco-editor%2freact attempt 1 failed with ENOTFOUND
19 http fetch GET https://registry.npmjs.org/npm attempt 2 failed with ENOTFOUND
20 http fetch GET https://registry.npmjs.org/@monaco-editor%2freact attempt 2 failed with ENOTFOUND
21 http fetch GET https://registry.npmjs.org/npm attempt 3 failed with ENOTFOUND
22 http fetch GET https://registry.npmjs.org/@monaco-editor%2freact attempt 3 failed with ENOTFOUND
23 silly fetch manifest @tanstack/react-query@^5.28.9
24 silly packumentCache full:https://registry.npmjs.org/@tanstack%2freact-query cache-miss
25 http fetch GET https://registry.npmjs.org/@tanstack%2freact-query attempt 1 failed with ENOTFOUND
26 http fetch GET https://registry.npmjs.org/@tanstack%2freact-query attempt 2 failed with ENOTFOUND
27 http fetch GET https://registry.npmjs.org/@tanstack%2freact-query attempt 3 failed with ENOTFOUND
28 silly fetch manifest axios@^1.6.8
29 silly packumentCache full:https://registry.npmjs.org/axios cache-miss
30 http fetch GET https://registry.npmjs.org/axios attempt 1 failed with ENOTFOUND
31 http fetch GET https://registry.npmjs.org/axios attempt 2 failed with ENOTFOUND
32 http fetch GET https://registry.npmjs.org/axios attempt 3 failed with ENOTFOUND
33 silly fetch manifest lucide-react@^0.364.0
34 silly packumentCache full:https://registry.npmjs.org/lucide-react cache-miss
35 http fetch GET https://registry.npmjs.org/lucide-react attempt 1 failed with ENOTFOUND
36 http fetch GET https://registry.npmjs.org/lucide-react attempt 2 failed with ENOTFOUND
37 http fetch GET https://registry.npmjs.org/lucide-react attempt 3 failed with ENOTFOUND
38 silly fetch manifest react@^18.2.0
39 silly packumentCache full:https://registry.npmjs.org/react cache-miss
40 http fetch GET https://registry.npmjs.org/react attempt 1 failed with ENOTFOUND
41 http fetch GET https://registry.npmjs.org/react attempt 2 failed with ENOTFOUND
42 http fetch GET https://registry.npmjs.org/react attempt 3 failed with ENOTFOUND
43 silly fetch manifest react-dom@^18.2.0
44 silly packumentCache full:https://registry.npmjs.org/react-dom cache-miss
45 http fetch GET https://registry.npmjs.org/react-dom attempt 1 failed with ENOTFOUND
46 http fetch GET https://registry.npmjs.org/react-dom attempt 2 failed with ENOTFOUND
47 http fetch GET https://registry.npmjs.org/react-dom attempt 3 failed with ENOTFOUND
48 silly fetch manifest react-hook-form@^7.51.2
49 silly packumentCache full:https://registry.npmjs.org/react-hook-form cache-miss
50 http fetch GET https://registry.npmjs.org/react-hook-form attempt 1 failed with ENOTFOUND
51 http fetch GET https://registry.npmjs.org/react-hook-form attempt 2 failed with ENOTFOUND
52 http fetch GET https://registry.npmjs.org/react-hook-form attempt 3 failed with ENOTFOUND
53 silly fetch manifest react-router-dom@^6.22.3
54 silly packumentCache full:https://registry.npmjs.org/react-router-dom cache-miss
55 http fetch GET https://registry.npmjs.org/react-router-dom attempt 1 failed with ENOTFOUND
56 http fetch GET https://registry.npmjs.org/react-router-dom attempt 2 failed with ENOTFOUND
57 http fetch GET https://registry.npmjs.org/react-router-dom attempt 3 failed with ENOTFOUND
58 silly fetch manifest @types/react@^18.2.66
59 silly packumentCache full:https://registry.npmjs.org/@types%2freact cache-miss
60 http fetch GET https://registry.npmjs.org/@types%2freact attempt 1 failed with ENOTFOUND
61 http fetch GET https://registry.npmjs.org/@types%2freact attempt 2 failed with ENOTFOUND
62 http fetch GET https://registry.npmjs.org/@types%2freact attempt 3 failed with ENOTFOUND
63 silly fetch manifest @types/react-dom@^18.2.22
64 silly packumentCache full:https://registry.npmjs.org/@types%2freact-dom cache-miss
65 http fetch GET https://registry.npmjs.org/@types%2freact-dom attempt 1 failed with ENOTFOUND
66 http fetch GET https://registry.npmjs.org/@types%2freact-dom attempt 2 failed with ENOTFOUND
67 http fetch GET https://registry.npmjs.org/@types%2freact-dom attempt 3 failed with ENOTFOUND
68 silly fetch manifest @typescript-eslint/eslint-plugin@^7.2.0
69 silly packumentCache full:https://registry.npmjs.org/@typescript-eslint%2feslint-plugin cache-miss
70 http fetch GET https://registry.npmjs.org/@typescript-eslint%2feslint-plugin attempt 1 failed with ENOTFOUND
71 http fetch GET https://registry.npmjs.org/@typescript-eslint%2feslint-plugin attempt 2 failed with ENOTFOUND
72 http fetch GET https://registry.npmjs.org/@typescript-eslint%2feslint-plugin attempt 3 failed with ENOTFOUND
73 silly fetch manifest @typescript-eslint/parser@^7.2.0
74 silly packumentCache full:https://registry.npmjs.org/@typescript-eslint%2fparser cache-miss
75 http fetch GET https://registry.npmjs.org/@typescript-eslint%2fparser attempt 1 failed with ENOTFOUND
76 http fetch GET https://registry.npmjs.org/@typescript-eslint%2fparser attempt 2 failed with ENOTFOUND
77 http fetch GET https://registry.npmjs.org/@typescript-eslint%2fparser attempt 3 failed with ENOTFOUND
78 silly fetch manifest @vitejs/plugin-react@^4.2.1
79 silly packumentCache full:https://registry.npmjs.org/@vitejs%2fplugin-react cache-miss
80 http fetch GET https://registry.npmjs.org/@vitejs%2fplugin-react attempt 1 failed with ENOTFOUND
81 http fetch GET https://registry.npmjs.org/@vitejs%2fplugin-react attempt 2 failed with ENOTFOUND
82 http fetch GET https://registry.npmjs.org/@vitejs%2fplugin-react attempt 3 failed with ENOTFOUND
83 silly fetch manifest autoprefixer@^10.4.19
84 silly packumentCache full:https://registry.npmjs.org/autoprefixer cache-miss
85 http fetch GET https://registry.npmjs.org/autoprefixer attempt 1 failed with ENOTFOUND
86 http fetch GET https://registry.npmjs.org/autoprefixer attempt 2 failed with ENOTFOUND
87 http fetch GET https://registry.npmjs.org/autoprefixer attempt 3 failed with ENOTFOUND
88 silly fetch manifest eslint@^8.57.0
89 silly packumentCache full:https://registry.npmjs.org/eslint cache-miss
90 http fetch GET https://registry.npmjs.org/eslint attempt 1 failed with ENOTFOUND
91 http fetch GET https://registry.npmjs.org/eslint attempt 2 failed with ENOTFOUND
92 http fetch GET https://registry.npmjs.org/eslint attempt 3 failed with ENOTFOUND
93 silly fetch manifest eslint-plugin-react-hooks@^4.6.0
94 silly packumentCache full:https://registry.npmjs.org/eslint-plugin-react-hooks cache-miss
95 http fetch GET https://registry.npmjs.org/eslint-plugin-react-hooks attempt 1 failed with ENOTFOUND
96 http fetch GET https://registry.npmjs.org/eslint-plugin-react-hooks attempt 2 failed with ENOTFOUND
97 http fetch GET https://registry.npmjs.org/eslint-plugin-react-hooks attempt 3 failed with ENOTFOUND
98 silly fetch manifest eslint-plugin-react-refresh@^0.4.6
99 silly packumentCache full:https://registry.npmjs.org/eslint-plugin-react-refresh cache-miss
100 http fetch GET https://registry.npmjs.org/eslint-plugin-react-refresh attempt 1 failed with ENOTFOUND
101 http fetch GET https://registry.npmjs.org/eslint-plugin-react-refresh attempt 2 failed with ENOTFOUND
102 http fetch GET https://registry.npmjs.org/eslint-plugin-react-refresh attempt 3 failed with ENOTFOUND
103 silly fetch manifest postcss@^8.4.38
104 silly packumentCache full:https://registry.npmjs.org/postcss cache-miss
105 http fetch GET https://registry.npmjs.org/postcss attempt 1 failed with ENOTFOUND
106 http fetch GET https://registry.npmjs.org/postcss attempt 2 failed with ENOTFOUND
107 http fetch GET https://registry.npmjs.org/postcss attempt 3 failed with ENOTFOUND
108 silly fetch manifest tailwindcss@^3.4.3
109 silly packumentCache full:https://registry.npmjs.org/tailwindcss cache-miss
110 http fetch GET https://registry.npmjs.org/tailwindcss attempt 1 failed with ENOTFOUND
111 http fetch GET https://registry.npmjs.org/tailwindcss attempt 2 failed with ENOTFOUND
112 http fetch GET https://registry.npmjs.org/tailwindcss attempt 3 failed with ENOTFOUND
113 silly fetch manifest typescript@^5.2.2
114 silly packumentCache full:https://registry.npmjs.org/typescript cache-miss
115 http fetch GET https://registry.npmjs.org/typescript attempt 1 failed with ENOTFOUND
116 http fetch GET https://registry.npmjs.org/typescript attempt 2 failed with ENOTFOUND
117 http fetch GET https://registry.npmjs.org/typescript attempt 3 failed with ENOTFOUND
118 silly fetch manifest vite@^5.2.0
119 silly packumentCache full:https://registry.npmjs.org/vite cache-miss
120 http fetch GET https://registry.npmjs.org/vite attempt 1 failed with ENOTFOUND
121 http fetch GET https://registry.npmjs.org/vite attempt 2 failed with ENOTFOUND
122 http fetch GET https://registry.npmjs.org/vite attempt 3 failed with ENOTFOUND
123 silly placeDep ROOT @monaco-editor/react@ OK for: pasteflow-frontend@0.0.0 want: ^4.6.0
124 silly placeDep ROOT @tanstack/react-query@ OK for: pasteflow-frontend@0.0.0 want: ^5.28.9
125 silly placeDep ROOT @types/react@ OK for: pasteflow-frontend@0.0.0 want: ^18.2.66
126 silly placeDep ROOT @types/react-dom@ OK for: pasteflow-frontend@0.0.0 want: ^18.2.22
127 silly placeDep ROOT @typescript-eslint/eslint-plugin@ OK for: pasteflow-frontend@0.0.0 want: ^7.2.0
128 silly placeDep ROOT @typescript-eslint/parser@ OK for: pasteflow-frontend@0.0.0 want: ^7.2.0
129 silly placeDep ROOT @vitejs/plugin-react@ OK for: pasteflow-frontend@0.0.0 want: ^4.2.1
130 silly placeDep ROOT autoprefixer@ OK for: pasteflow-frontend@0.0.0 want: ^10.4.19
131 silly placeDep ROOT axios@ OK for: pasteflow-frontend@0.0.0 want: ^1.6.8
132 silly placeDep ROOT eslint@ OK for: pasteflow-frontend@0.0.0 want: ^8.57.0
133 silly placeDep ROOT eslint-plugin-react-hooks@ OK for: pasteflow-frontend@0.0.0 want: ^4.6.0
134 silly placeDep ROOT eslint-plugin-react-refresh@ OK for: pasteflow-frontend@0.0.0 want: ^0.4.6
135 silly placeDep ROOT lucide-react@ OK for: pasteflow-frontend@0.0.0 want: ^0.364.0
136 silly placeDep ROOT postcss@ OK for: pasteflow-frontend@0.0.0 want: ^8.4.38
137 silly placeDep ROOT react@ OK for: pasteflow-frontend@0.0.0 want: ^18.2.0
138 silly placeDep ROOT react-dom@ OK for: pasteflow-frontend@0.0.0 want: ^18.2.0
139 silly placeDep ROOT react-hook-form@ OK for: pasteflow-frontend@0.0.0 want: ^7.51.2
140 silly placeDep ROOT react-router-dom@ OK for: pasteflow-frontend@0.0.0 want: ^6.22.3
141 silly placeDep ROOT tailwindcss@ OK for: pasteflow-frontend@0.0.0 want: ^3.4.3
142 silly placeDep ROOT typescript@ OK for: pasteflow-frontend@0.0.0 want: ^5.2.2
143 silly placeDep ROOT vite@ OK for: pasteflow-frontend@0.0.0 want: ^5.2.0
144 verbose type system
145 verbose stack FetchError: request to https://registry.npmjs.org/@monaco-editor%2freact failed, reason: getaddrinfo ENOTFOUND registry.npmjs.org
145 verbose stack     at ClientRequest.<anonymous> (/usr/local/lib/node_modules/npm/node_modules/minipass-fetch/lib/index.js:130:14)
145 verbose stack     at ClientRequest.emit (node:events:518:28)
145 verbose stack     at emitErrorEvent (node:_http_client:104:11)
145 verbose stack     at _destroy (node:_http_client:898:9)
145 verbose stack     at onSocketNT (node:_http_client:918:5)
145 verbose stack     at process.processTicksAndRejections (node:internal/process/task_queues:91:21)
146 error code ENOTFOUND
147 error syscall getaddrinfo
148 error errno ENOTFOUND
149 error network request to https://registry.npmjs.org/@monaco-editor%2freact failed, reason: getaddrinfo ENOTFOUND registry.npmjs.org
150 error network This is a problem related to network connectivity.
150 error network In most cases you are behind a proxy or have bad network settings.
150 error network
150 error network If you are behind a proxy, please make sure that the
150 error network 'proxy' config is set properly.  See: 'npm help config'
151 silly unfinished npm timer reify 1785431408557
152 silly unfinished npm timer reify:loadTrees 1785431408558
153 verbose cwd /Users/sachingopalakrishnan/PasteBin/pasteflow/frontend
154 verbose os Darwin 25.3.0
155 verbose node v22.17.0
156 verbose npm  v10.9.2
157 verbose exit 1
158 verbose code 1
159 error A complete log of this run can be found in: /Users/sachingopalakrishnan/PasteBin/pasteflow/frontend/.npm_cache/_logs/2026-07-30T17_10_08_282Z-debug-0.log
