0 verbose cli /usr/local/bin/node /usr/local/bin/npm
1 info using npm@10.9.2
2 info using node@v22.17.0
3 silly config load:file:/usr/local/lib/node_modules/npm/npmrc
4 silly config load:file:/Users/sachingopalakrishnan/PasteBin/pasteflow/frontend/.npmrc
5 silly config load:file:/Users/sachingopalakrishnan/PasteBin/pasteflow/.npmrc
6 silly config load:file:/usr/local/etc/npmrc
7 verbose title npm install
8 verbose argv "install"
9 verbose logfile logs-max:10 dir:/Users/sachingopalakrishnan/PasteBin/pasteflow/.npm/_logs/2026-07-30T17_10_54_967Z-
10 verbose logfile /Users/sachingopalakrishnan/PasteBin/pasteflow/.npm/_logs/2026-07-30T17_10_54_967Z-debug-0.log
11 silly logfile done cleaning log files
12 silly packumentCache heap:4345298944 maxSize:1086324736 maxEntrySize:543162368
13 http fetch GET https://registry.npmjs.org/npm attempt 1 failed with ENOTFOUND
14 silly idealTree buildDeps
15 silly fetch manifest @monaco-editor/react@^4.6.0
16 silly packumentCache full:https://registry.npmjs.org/@monaco-editor%2freact cache-miss
17 http fetch GET https://registry.npmjs.org/@monaco-editor%2freact attempt 1 failed with ENOTFOUND
18 http fetch GET https://registry.npmjs.org/npm attempt 2 failed with ENOTFOUND
19 http fetch GET https://registry.npmjs.org/@monaco-editor%2freact attempt 2 failed with ENOTFOUND
20 http fetch GET https://registry.npmjs.org/npm attempt 3 failed with ENOTFOUND
21 http fetch GET https://registry.npmjs.org/@monaco-editor%2freact attempt 3 failed with ENOTFOUND
22 silly fetch manifest @tanstack/react-query@^5.28.9
23 silly packumentCache full:https://registry.npmjs.org/@tanstack%2freact-query cache-miss
24 http fetch GET https://registry.npmjs.org/@tanstack%2freact-query attempt 1 failed with ENOTFOUND
25 http fetch GET https://registry.npmjs.org/@tanstack%2freact-query attempt 2 failed with ENOTFOUND
26 http fetch GET https://registry.npmjs.org/@tanstack%2freact-query attempt 3 failed with ENOTFOUND
27 silly fetch manifest axios@^1.6.8
28 silly packumentCache full:https://registry.npmjs.org/axios cache-miss
29 http fetch GET https://registry.npmjs.org/axios attempt 1 failed with ENOTFOUND
30 http fetch GET https://registry.npmjs.org/axios attempt 2 failed with ENOTFOUND
31 http fetch GET https://registry.npmjs.org/axios attempt 3 failed with ENOTFOUND
32 silly fetch manifest lucide-react@^0.364.0
33 silly packumentCache full:https://registry.npmjs.org/lucide-react cache-miss
34 http fetch GET https://registry.npmjs.org/lucide-react attempt 1 failed with ENOTFOUND
35 http fetch GET https://registry.npmjs.org/lucide-react attempt 2 failed with ENOTFOUND
36 http fetch GET https://registry.npmjs.org/lucide-react attempt 3 failed with ENOTFOUND
37 silly fetch manifest react@^18.2.0
38 silly packumentCache full:https://registry.npmjs.org/react cache-miss
39 http fetch GET https://registry.npmjs.org/react attempt 1 failed with ENOTFOUND
40 http fetch GET https://registry.npmjs.org/react attempt 2 failed with ENOTFOUND
41 http fetch GET https://registry.npmjs.org/react attempt 3 failed with ENOTFOUND
42 silly fetch manifest react-dom@^18.2.0
43 silly packumentCache full:https://registry.npmjs.org/react-dom cache-miss
44 http fetch GET https://registry.npmjs.org/react-dom attempt 1 failed with ENOTFOUND
45 http fetch GET https://registry.npmjs.org/react-dom attempt 2 failed with ENOTFOUND
46 http fetch GET https://registry.npmjs.org/react-dom attempt 3 failed with ENOTFOUND
47 silly fetch manifest react-hook-form@^7.51.2
48 silly packumentCache full:https://registry.npmjs.org/react-hook-form cache-miss
49 http fetch GET https://registry.npmjs.org/react-hook-form attempt 1 failed with ENOTFOUND
50 http fetch GET https://registry.npmjs.org/react-hook-form attempt 2 failed with ENOTFOUND
51 http fetch GET https://registry.npmjs.org/react-hook-form attempt 3 failed with ENOTFOUND
52 silly fetch manifest react-router-dom@^6.22.3
53 silly packumentCache full:https://registry.npmjs.org/react-router-dom cache-miss
54 http fetch GET https://registry.npmjs.org/react-router-dom attempt 1 failed with ENOTFOUND
55 http fetch GET https://registry.npmjs.org/react-router-dom attempt 2 failed with ENOTFOUND
56 http fetch GET https://registry.npmjs.org/react-router-dom attempt 3 failed with ENOTFOUND
57 silly fetch manifest @types/react@^18.2.66
58 silly packumentCache full:https://registry.npmjs.org/@types%2freact cache-miss
59 http fetch GET https://registry.npmjs.org/@types%2freact attempt 1 failed with ENOTFOUND
60 http fetch GET https://registry.npmjs.org/@types%2freact attempt 2 failed with ENOTFOUND
61 http fetch GET https://registry.npmjs.org/@types%2freact attempt 3 failed with ENOTFOUND
62 silly fetch manifest @types/react-dom@^18.2.22
63 silly packumentCache full:https://registry.npmjs.org/@types%2freact-dom cache-miss
64 http fetch GET https://registry.npmjs.org/@types%2freact-dom attempt 1 failed with ENOTFOUND
65 http fetch GET https://registry.npmjs.org/@types%2freact-dom attempt 2 failed with ENOTFOUND
66 http fetch GET https://registry.npmjs.org/@types%2freact-dom attempt 3 failed with ENOTFOUND
67 silly fetch manifest @typescript-eslint/eslint-plugin@^7.2.0
68 silly packumentCache full:https://registry.npmjs.org/@typescript-eslint%2feslint-plugin cache-miss
69 http fetch GET https://registry.npmjs.org/@typescript-eslint%2feslint-plugin attempt 1 failed with ENOTFOUND
70 http fetch GET https://registry.npmjs.org/@typescript-eslint%2feslint-plugin attempt 2 failed with ENOTFOUND
71 http fetch GET https://registry.npmjs.org/@typescript-eslint%2feslint-plugin attempt 3 failed with ENOTFOUND
72 silly fetch manifest @typescript-eslint/parser@^7.2.0
73 silly packumentCache full:https://registry.npmjs.org/@typescript-eslint%2fparser cache-miss
74 http fetch GET https://registry.npmjs.org/@typescript-eslint%2fparser attempt 1 failed with ENOTFOUND
75 http fetch GET https://registry.npmjs.org/@typescript-eslint%2fparser attempt 2 failed with ENOTFOUND
76 http fetch GET https://registry.npmjs.org/@typescript-eslint%2fparser attempt 3 failed with ENOTFOUND
77 silly fetch manifest @vitejs/plugin-react@^4.2.1
78 silly packumentCache full:https://registry.npmjs.org/@vitejs%2fplugin-react cache-miss
79 http fetch GET https://registry.npmjs.org/@vitejs%2fplugin-react attempt 1 failed with ENOTFOUND
80 http fetch GET https://registry.npmjs.org/@vitejs%2fplugin-react attempt 2 failed with ENOTFOUND
81 http fetch GET https://registry.npmjs.org/@vitejs%2fplugin-react attempt 3 failed with ENOTFOUND
82 silly fetch manifest autoprefixer@^10.4.19
83 silly packumentCache full:https://registry.npmjs.org/autoprefixer cache-miss
84 http fetch GET https://registry.npmjs.org/autoprefixer attempt 1 failed with ENOTFOUND
85 http fetch GET https://registry.npmjs.org/autoprefixer attempt 2 failed with ENOTFOUND
86 http fetch GET https://registry.npmjs.org/autoprefixer attempt 3 failed with ENOTFOUND
87 silly fetch manifest eslint@^8.57.0
88 silly packumentCache full:https://registry.npmjs.org/eslint cache-miss
89 http fetch GET https://registry.npmjs.org/eslint attempt 1 failed with ENOTFOUND
90 http fetch GET https://registry.npmjs.org/eslint attempt 2 failed with ENOTFOUND
91 http fetch GET https://registry.npmjs.org/eslint attempt 3 failed with ENOTFOUND
92 silly fetch manifest eslint-plugin-react-hooks@^4.6.0
93 silly packumentCache full:https://registry.npmjs.org/eslint-plugin-react-hooks cache-miss
94 http fetch GET https://registry.npmjs.org/eslint-plugin-react-hooks attempt 1 failed with ENOTFOUND
95 http fetch GET https://registry.npmjs.org/eslint-plugin-react-hooks attempt 2 failed with ENOTFOUND
96 http fetch GET https://registry.npmjs.org/eslint-plugin-react-hooks attempt 3 failed with ENOTFOUND
97 silly fetch manifest eslint-plugin-react-refresh@^0.4.6
98 silly packumentCache full:https://registry.npmjs.org/eslint-plugin-react-refresh cache-miss
99 http fetch GET https://registry.npmjs.org/eslint-plugin-react-refresh attempt 1 failed with ENOTFOUND
100 http fetch GET https://registry.npmjs.org/eslint-plugin-react-refresh attempt 2 failed with ENOTFOUND
101 http fetch GET https://registry.npmjs.org/eslint-plugin-react-refresh attempt 3 failed with ENOTFOUND
102 silly fetch manifest postcss@^8.4.38
103 silly packumentCache full:https://registry.npmjs.org/postcss cache-miss
104 http fetch GET https://registry.npmjs.org/postcss attempt 1 failed with ENOTFOUND
105 http fetch GET https://registry.npmjs.org/postcss attempt 2 failed with ENOTFOUND
106 http fetch GET https://registry.npmjs.org/postcss attempt 3 failed with ENOTFOUND
107 silly fetch manifest tailwindcss@^3.4.3
108 silly packumentCache full:https://registry.npmjs.org/tailwindcss cache-miss
109 http fetch GET https://registry.npmjs.org/tailwindcss attempt 1 failed with ENOTFOUND
110 http fetch GET https://registry.npmjs.org/tailwindcss attempt 2 failed with ENOTFOUND
111 http fetch GET https://registry.npmjs.org/tailwindcss attempt 3 failed with ENOTFOUND
112 silly fetch manifest typescript@^5.2.2
113 silly packumentCache full:https://registry.npmjs.org/typescript cache-miss
114 http fetch GET https://registry.npmjs.org/typescript attempt 1 failed with ENOTFOUND
115 http fetch GET https://registry.npmjs.org/typescript attempt 2 failed with ENOTFOUND
116 http fetch GET https://registry.npmjs.org/typescript attempt 3 failed with ENOTFOUND
117 silly fetch manifest vite@^5.2.0
118 silly packumentCache full:https://registry.npmjs.org/vite cache-miss
119 http fetch GET https://registry.npmjs.org/vite attempt 1 failed with ENOTFOUND
120 http fetch GET https://registry.npmjs.org/vite attempt 2 failed with ENOTFOUND
121 http fetch GET https://registry.npmjs.org/vite attempt 3 failed with ENOTFOUND
122 silly placeDep ROOT @monaco-editor/react@ OK for: pasteflow-frontend@0.0.0 want: ^4.6.0
123 silly placeDep ROOT @tanstack/react-query@ OK for: pasteflow-frontend@0.0.0 want: ^5.28.9
124 silly placeDep ROOT @types/react@ OK for: pasteflow-frontend@0.0.0 want: ^18.2.66
125 silly placeDep ROOT @types/react-dom@ OK for: pasteflow-frontend@0.0.0 want: ^18.2.22
126 silly placeDep ROOT @typescript-eslint/eslint-plugin@ OK for: pasteflow-frontend@0.0.0 want: ^7.2.0
127 silly placeDep ROOT @typescript-eslint/parser@ OK for: pasteflow-frontend@0.0.0 want: ^7.2.0
128 silly placeDep ROOT @vitejs/plugin-react@ OK for: pasteflow-frontend@0.0.0 want: ^4.2.1
129 silly placeDep ROOT autoprefixer@ OK for: pasteflow-frontend@0.0.0 want: ^10.4.19
130 silly placeDep ROOT axios@ OK for: pasteflow-frontend@0.0.0 want: ^1.6.8
131 silly placeDep ROOT eslint@ OK for: pasteflow-frontend@0.0.0 want: ^8.57.0
132 silly placeDep ROOT eslint-plugin-react-hooks@ OK for: pasteflow-frontend@0.0.0 want: ^4.6.0
133 silly placeDep ROOT eslint-plugin-react-refresh@ OK for: pasteflow-frontend@0.0.0 want: ^0.4.6
134 silly placeDep ROOT lucide-react@ OK for: pasteflow-frontend@0.0.0 want: ^0.364.0
135 silly placeDep ROOT postcss@ OK for: pasteflow-frontend@0.0.0 want: ^8.4.38
136 silly placeDep ROOT react@ OK for: pasteflow-frontend@0.0.0 want: ^18.2.0
137 silly placeDep ROOT react-dom@ OK for: pasteflow-frontend@0.0.0 want: ^18.2.0
138 silly placeDep ROOT react-hook-form@ OK for: pasteflow-frontend@0.0.0 want: ^7.51.2
139 silly placeDep ROOT react-router-dom@ OK for: pasteflow-frontend@0.0.0 want: ^6.22.3
140 silly placeDep ROOT tailwindcss@ OK for: pasteflow-frontend@0.0.0 want: ^3.4.3
141 silly placeDep ROOT typescript@ OK for: pasteflow-frontend@0.0.0 want: ^5.2.2
142 silly placeDep ROOT vite@ OK for: pasteflow-frontend@0.0.0 want: ^5.2.0
143 verbose type system
144 verbose stack FetchError: request to https://registry.npmjs.org/@monaco-editor%2freact failed, reason: getaddrinfo ENOTFOUND registry.npmjs.org
144 verbose stack     at ClientRequest.<anonymous> (/usr/local/lib/node_modules/npm/node_modules/minipass-fetch/lib/index.js:130:14)
144 verbose stack     at ClientRequest.emit (node:events:518:28)
144 verbose stack     at emitErrorEvent (node:_http_client:104:11)
144 verbose stack     at _destroy (node:_http_client:898:9)
144 verbose stack     at onSocketNT (node:_http_client:918:5)
144 verbose stack     at process.processTicksAndRejections (node:internal/process/task_queues:91:21)
145 error code ENOTFOUND
146 error syscall getaddrinfo
147 error errno ENOTFOUND
148 error network request to https://registry.npmjs.org/@monaco-editor%2freact failed, reason: getaddrinfo ENOTFOUND registry.npmjs.org
149 error network This is a problem related to network connectivity.
149 error network In most cases you are behind a proxy or have bad network settings.
149 error network
149 error network If you are behind a proxy, please make sure that the
149 error network 'proxy' config is set properly.  See: 'npm help config'
150 silly unfinished npm timer reify 1785431455249
151 silly unfinished npm timer reify:loadTrees 1785431455249
152 verbose cwd /Users/sachingopalakrishnan/PasteBin/pasteflow/frontend
153 verbose os Darwin 25.3.0
154 verbose node v22.17.0
155 verbose npm  v10.9.2
156 verbose exit 1
157 verbose code 1
158 error A complete log of this run can be found in: /Users/sachingopalakrishnan/PasteBin/pasteflow/.npm/_logs/2026-07-30T17_10_54_967Z-debug-0.log
