0 verbose cli /usr/local/bin/node /usr/local/bin/npm
1 info using npm@10.9.2
2 info using node@v22.17.0
3 silly config load:file:/usr/local/lib/node_modules/npm/npmrc
4 silly config load:file:/Users/sachingopalakrishnan/PasteBin/pasteflow/frontend/.npmrc
5 silly config load:file:/Users/sachingopalakrishnan/.npmrc
6 verbose config error loading user config Error: EPERM: operation not permitted, open '/Users/sachingopalakrishnan/.npmrc'
6 verbose config     at async open (node:internal/fs/promises:639:25)
6 verbose config     at async readFile (node:internal/fs/promises:1243:14)
6 verbose config     at async #loadFile (/usr/local/lib/node_modules/npm/node_modules/@npmcli/config/lib/index.js:589:5)
6 verbose config     at async Config.load (/usr/local/lib/node_modules/npm/node_modules/@npmcli/config/lib/index.js:250:5)
6 verbose config     at async #load (/usr/local/lib/node_modules/npm/lib/npm.js:98:5)
6 verbose config     at async Npm.load (/usr/local/lib/node_modules/npm/lib/npm.js:80:14)
6 verbose config     at async module.exports (/usr/local/lib/node_modules/npm/lib/cli/entry.js:42:37) {
6 verbose config   errno: -1,
6 verbose config   code: 'EPERM',
6 verbose config   syscall: 'open',
6 verbose config   path: '/Users/sachingopalakrishnan/.npmrc'
6 verbose config }
7 silly config load:file:/usr/local/etc/npmrc
8 verbose title npm run build
9 verbose argv "--cache" "./npm_cache" "run" "build"
10 verbose logfile logs-max:10 dir:/Users/sachingopalakrishnan/PasteBin/pasteflow/frontend/npm_cache/_logs/2026-07-31T17_33_12_866Z-
11 verbose logfile /Users/sachingopalakrishnan/PasteBin/pasteflow/frontend/npm_cache/_logs/2026-07-31T17_33_12_866Z-debug-0.log
12 silly logfile done cleaning log files
13 http fetch GET https://registry.npmjs.org/npm attempt 1 failed with ENOTFOUND
14 verbose cwd /Users/sachingopalakrishnan/PasteBin/pasteflow/frontend
15 verbose os Darwin 25.3.0
16 verbose node v22.17.0
17 verbose npm  v10.9.2
18 verbose exit 2
19 verbose code 2
